[bob-worthington.org/index.html]
[backblue.gif]
[fade.gif]
[index.html]
[bob-worthington.org/style.css]
[bob-worthington.org/home.jpg]
[bob-worthington.org/index-2.html]
[bob-worthington.org/tasmania/tasmania.html]
[bob-worthington.org/riverina/riverina.html]
[bob-worthington.org/knapsack/knapsack.html]
[bob-worthington.org/citroen/citroen.html]
[bob-worthington.org/rail_models/rail_models.html]
[bob-worthington.org/rail_europe/rail_europe.html]
[bob-worthington.org/rail_tasmania/rail_tasmania.html]
[bob-worthington.org/computers/computers.html]
[bob-worthington.org/high_fidelity/high_fidelity.html]
[bob-worthington.org/projects/projects.html]
[bob-worthington.org/recipes/recipes.html]
[bob-worthington.org/tasmania/nw/nw.html]
[bob-worthington.org/tasmania/cn/cn.html]
[bob-worthington.org/tasmania/ec/ec.html]
[bob-worthington.org/tasmania/se/se.html]
[bob-worthington.org/tasmania/sw/sw.html]
[bob-worthington.org/tasmania/ch/ch.html]
[bob-worthington.org/tasmania/wc/wc.html]
[bob-worthington.org/tasmania/nc/nc.html]
[bob-worthington.org/riverina/1-albury-wodonga/albury-wodonga.html]
[bob-worthington.org/riverina/2-federation_council/federation_council.html]
[bob-worthington.org/riverina/3-berrigan_shire/berrigan_shire.html]
[bob-worthington.org/riverina/4-north_west/north_west.html]
[bob-worthington.org/riverina/5-campaspe_shire/campaspe_shire.html]
[bob-worthington.org/riverina/6-moira_shire/moira_shire.html]
[bob-worthington.org/riverina/7-shepparton_gc/shepparton_gc.html]
[bob-worthington.org/riverina/8-benalla_rc/benalla_rc.html]
[bob-worthington.org/riverina/9-indigo_shire/indigo_shire.html]
[bob-worthington.org/riverina/0-silos_waterways/silos_waterways.html]
[bob-worthington.org/rail_models/sr2/sr2.html]
[bob-worthington.org/rail_models/decoder/decoder.html]
[bob-worthington.org/rail_models/electronic/electronic.html]
[bob-worthington.org/rail_models/ac_convert/ac_convert.html]
[bob-worthington.org/rail_models/dc_control/dc_control.html]
[bob-worthington.org/rail_models/kadee/kadee.html]
[bob-worthington.org/rail_europe/ger_stm_main/ger_stm_main.html]
[bob-worthington.org/rail_europe/ger_ele_old/ger_ele_old.html]
[bob-worthington.org/rail_europe/ger_ele_new/ger_ele_new.html]
[bob-worthington.org/rail_europe/ger_die/ger_die.html]
[bob-worthington.org/rail_europe/swiss/swiss.html]
[bob-worthington.org/rail_europe/sweden/sweden.html]
[bob-worthington.org/rail_europe/nor_ele_old/nor_ele_old.html]
[bob-worthington.org/rail_europe/nor_ele_new/nor_ele_new.html]
[bob-worthington.org/rail_europe/nor_die/nor_die.html]
[bob-worthington.org/rail_europe/finland/finland.html]
[bob-worthington.org/rail_tasmania/government/government.html]
[bob-worthington.org/rail_tasmania/emu_bay/emu_bay.html]
[bob-worthington.org/rail_tasmania/mt_lyell/mt_lyell.html]
[bob-worthington.org/rail_tasmania/tourist/tourist.html]
[bob-worthington.org/computers/micros/micros.html]
[bob-worthington.org/computers/linux/linux.html]
[bob-worthington.org/computers/unix/unix.html]
[bob-worthington.org/computers/retrobsd/retrobsd.html]
[bob-worthington.org/high_fidelity/amp/amp.html]
[bob-worthington.org/high_fidelity/turntable/turntable.html]
[bob-worthington.org/high_fidelity/hpstand/hpstand.html]
[bob-worthington.org/high_fidelity/jaycar/jaycar.html]
[bob-worthington.org/high_fidelity/bedroom/bedroom.html]
[bob-worthington.org/high_fidelity/workshop/workshop.html]
[bob-worthington.org/high_fidelity/system3010/system3010.html]
[bob-worthington.org/high_fidelity/lewis/lewis.html]
[bob-worthington.org/high_fidelity/spreadsheet.xls]
[bob-worthington.org/projects/avocado/avocado.html]
[bob-worthington.org/projects/jewelbox/jewelbox.html]
[bob-worthington.org/projects/plane/plane.html]
[bob-worthington.org/projects/siren/siren.html]
[bob-worthington.org/projects/thermometer/thermometer.html]
[bob-worthington.org/email.jpg]
[bob-worthington.org/tasmania.jpg]
[bob-worthington.org/riverina.jpg]
[bob-worthington.org/knapsack.jpg]
[bob-worthington.org/citroen.jpg]
[bob-worthington.org/rail_models.jpg]
[bob-worthington.org/rail_europe.jpg]
[bob-worthington.org/rail_tasmania.jpg]
[bob-worthington.org/computers.jpg]
[bob-worthington.org/high_fidelity.jpg]
[bob-worthington.org/projects.jpg]
[bob-worthington.org/recipes.jpg]
[bob-worthington.org/index.html]
[bob-worthington.org/style.css]
[bob-worthington.org/index-2.html]
[bob-worthington.org/tasmania/tasmania.jpg]
[bob-worthington.org/tasmania/ne/ne.html]
[bob-worthington.org/tasmania/map.jpg]
[bob-worthington.org/tasmania/tasmania.html]
[bob-worthington.org/riverina/canola.jpg]
[bob-worthington.org/riverina/map_riverina.jpg]
[bob-worthington.org/riverina/lake_mulwala.jpg]
[bob-worthington.org/riverina/bridge.jpg]
[bob-worthington.org/riverina/map_sydney-berrigan.jpg]
[bob-worthington.org/riverina/riverina.html]
[bob-worthington.org/knapsack/knapsack.jpg]
[bob-worthington.org/knapsack/obelisk.jpg]
[bob-worthington.org/knapsack/bridge2.jpg]
[bob-worthington.org/knapsack/park.jpg]
[bob-worthington.org/knapsack/road.jpg]
[bob-worthington.org/knapsack/road_bridge.jpg]
[bob-worthington.org/knapsack/lookout.jpg]
[bob-worthington.org/knapsack/bridge1.jpg]
[bob-worthington.org/knapsack/platform.jpg]
[bob-worthington.org/knapsack/points_bott.jpg]
[bob-worthington.org/knapsack/points_top.jpg]
[bob-worthington.org/knapsack/cutting.jpg]
[bob-worthington.org/knapsack/quarry.jpg]
[bob-worthington.org/knapsack/lennox.jpg]
[bob-worthington.org/knapsack/knapsack.html]
[bob-worthington.org/citroen/citroen.jpg]
[bob-worthington.org/citroen/ds1955.jpg]
[bob-worthington.org/citroen/rally.jpg]
[bob-worthington.org/citroen/ds23_s.jpg]
[bob-worthington.org/citroen/ds23_f.jpg]
[bob-worthington.org/citroen/ds_panels.jpg]
[bob-worthington.org/citroen/ds_float.jpg]
[bob-worthington.org/citroen/id19_bill.jpg]
[bob-worthington.org/citroen/id19_toc.jpg]
[bob-worthington.org/citroen/picasso_door.jpg]
[bob-worthington.org/citroen/picasso_wheel.jpg]
[bob-worthington.org/citroen/cotc_all.jpg]
[bob-worthington.org/citroen/cotc_cit.jpg]
[bob-worthington.org/citroen/id19_canb.jpg]
[bob-worthington.org/citroen/id19_newc.jpg]
[bob-worthington.org/citroen/id19_mann.jpg]
[bob-worthington.org/citroen/id19_s.jpg]
[bob-worthington.org/citroen/id19_f.jpg]
[bob-worthington.org/citroen/xantia_s.jpg]
[bob-worthington.org/citroen/xantia_newc.jpg]
[bob-worthington.org/citroen/xantia_tas.jpg]
[bob-worthington.org/citroen/xantia_f.jpg]
[bob-worthington.org/citroen/xantia_r.jpg]
[bob-worthington.org/citroen/citroen c5.jpg]
[bob-worthington.org/citroen/citroen.html]
[bob-worthington.org/rail_models/rail_models.jpg]
[bob-worthington.org/rail_models/85-007.jpg]
[bob-worthington.org/rail_models/ae6_8.jpg]
[bob-worthington.org/rail_models/v218.jpg]
[bob-worthington.org/rail_models/sr2.jpg]
[bob-worthington.org/rail_models/electronic.jpg]
[bob-worthington.org/rail_models/nr.jpg]
[bob-worthington.org/rail_models/control.jpg]
[bob-worthington.org/rail_models/kadee.jpg]
[bob-worthington.org/rail_models/rail_models.html]
[bob-worthington.org/rail_europe/rail_europe.jpg]
[bob-worthington.org/rail_europe/ger_stm_bnch/ger_stm_bnch.html]
[bob-worthington.org/rail_europe/e103.jpg]
[bob-worthington.org/rail_europe/v200.jpg]
[bob-worthington.org/rail_europe/re410.jpg]
[bob-worthington.org/rail_europe/sr2.jpg]
[bob-worthington.org/rail_europe/el9.jpg]
[bob-worthington.org/rail_europe/el16.jpg]
[bob-worthington.org/rail_europe/garbe.jpg]
[bob-worthington.org/rail_europe/p8.jpg]
[bob-worthington.org/rail_europe/rail_europe.html]
[bob-worthington.org/rail_tasmania/rail_tasmania.jpg]
[bob-worthington.org/rail_tasmania/emu_bay.jpg]
[bob-worthington.org/rail_tasmania/government.jpg]
[bob-worthington.org/rail_tasmania/mt_lyell.jpg]
[bob-worthington.org/rail_tasmania/tourist.jpg]
[bob-worthington.org/rail_tasmania/rail_tasmania.html]
[bob-worthington.org/computers/computers.jpg]
[bob-worthington.org/computers/computers.html]
[bob-worthington.org/high_fidelity/high_fidelity.jpg]
[bob-worthington.org/high_fidelity/amp.jpg]
[bob-worthington.org/high_fidelity/turntable.jpg]
[bob-worthington.org/high_fidelity/hpstand.jpg]
[bob-worthington.org/high_fidelity/jaycar.jpg]
[bob-worthington.org/high_fidelity/bedroom.jpg]
[bob-worthington.org/high_fidelity/workshop.jpg]
[bob-worthington.org/high_fidelity/system3010.jpg]
[bob-worthington.org/high_fidelity/lewis.jpg]
[bob-worthington.org/high_fidelity/spreadsheet.jpg]
[bob-worthington.org/high_fidelity/high_fidelity.html]
[bob-worthington.org/projects/projects.jpg]
[bob-worthington.org/projects/avocado.jpg]
[bob-worthington.org/projects/jewelbox.jpg]
[bob-worthington.org/projects/handplane.jpg]
[bob-worthington.org/projects/siren.jpg]
[bob-worthington.org/projects/thermo.jpg]
[bob-worthington.org/projects/projects.html]
[bob-worthington.org/recipes/recipes.jpg]
[bob-worthington.org/recipes/pizza_uncooked.jpg]
[bob-worthington.org/recipes/pizza_cooked.jpg]
[bob-worthington.org/recipes/recipes.html]
[bob-worthington.org/tasmania/nw/devonport.jpg]
[bob-worthington.org/tasmania/nw/don.jpg]
[bob-worthington.org/tasmania/nw/ulverstone.jpg]
[bob-worthington.org/tasmania/nw/hellyer.jpg]
[bob-worthington.org/tasmania/nw/stanley.jpg]
[bob-worthington.org/tasmania/nw/highfield.jpg]
[bob-worthington.org/tasmania/nw/arthur.jpg]
[bob-worthington.org/tasmania/nw/temma.jpg]
[bob-worthington.org/tasmania/nw/nw.html]
[bob-worthington.org/tasmania/cn/waratah.jpg]
[bob-worthington.org/tasmania/cn/weir.jpg]
[bob-worthington.org/tasmania/cn/cradle.jpg]
[bob-worthington.org/tasmania/cn/marakoopa.jpg]
[bob-worthington.org/tasmania/cn/devil.jpg]
[bob-worthington.org/tasmania/cn/rapids.jpg]
[bob-worthington.org/tasmania/cn/forest.jpg]
[bob-worthington.org/tasmania/cn/cn.html]
[bob-worthington.org/tasmania/ec/lagoon.jpg]
[bob-worthington.org/tasmania/ec/freycinet.jpg]
[bob-worthington.org/tasmania/ec/spiky.jpg]
[bob-worthington.org/tasmania/ec/orford.jpg]
[bob-worthington.org/tasmania/ec/arthur.jpg]
[bob-worthington.org/tasmania/ec/richmond.jpg]
[bob-worthington.org/tasmania/ec/ec.html]
[bob-worthington.org/tasmania/se/hobart_s.jpg]
[bob-worthington.org/tasmania/se/bridge.jpg]
[bob-worthington.org/tasmania/se/hobart_n.jpg]
[bob-worthington.org/tasmania/se/alpenrail.jpg]
[bob-worthington.org/tasmania/se/ida.jpg]
[bob-worthington.org/tasmania/se/se.html]
[bob-worthington.org/tasmania/sw/mcpartlan.jpg]
[bob-worthington.org/tasmania/sw/bridgewater.jpg]
[bob-worthington.org/tasmania/sw/oatlands.jpg]
[bob-worthington.org/tasmania/sw/ross.jpg]
[bob-worthington.org/tasmania/sw/sw.html]
[bob-worthington.org/tasmania/ch/poatina.jpg]
[bob-worthington.org/tasmania/ch/bothwell.jpg]
[bob-worthington.org/tasmania/ch/tarraleah.jpg]
[bob-worthington.org/tasmania/ch/scenery.jpg]
[bob-worthington.org/tasmania/ch/bradshaw.jpg]
[bob-worthington.org/tasmania/ch/ch.html]
[bob-worthington.org/tasmania/wc/lyell.jpg]
[bob-worthington.org/tasmania/wc/view.jpg]
[bob-worthington.org/tasmania/wc/road.jpg]
[bob-worthington.org/tasmania/wc/strahan.jpg]
[bob-worthington.org/tasmania/wc/train.jpg]
[bob-worthington.org/tasmania/wc/tullah.jpg]
[bob-worthington.org/tasmania/wc/farrell.jpg]
[bob-worthington.org/tasmania/wc/wc.html]
[bob-worthington.org/tasmania/nc/rosebery.jpg]
[bob-worthington.org/tasmania/nc/williamsford.jpg]
[bob-worthington.org/tasmania/nc/henty.jpg]
[bob-worthington.org/tasmania/nc/hellyer.jpg]
[bob-worthington.org/tasmania/nc/sheffield.jpg]
[bob-worthington.org/tasmania/nc/paradise.jpg]
[bob-worthington.org/tasmania/nc/nc.html]
[bob-worthington.org/riverina/1-albury-wodonga/map_albury-wodonga.jpg]
[bob-worthington.org/riverina/1-albury-wodonga/albury-wodonga.jpg]
[bob-worthington.org/riverina/1-albury-wodonga/monument_hill.jpg]
[bob-worthington.org/riverina/1-albury-wodonga/albury_station.jpg]
[bob-worthington.org/riverina/1-albury-wodonga/mama_albury.jpg]
[bob-worthington.org/riverina/1-albury-wodonga/jindera_museum.jpg]
[bob-worthington.org/riverina/1-albury-wodonga/walbundrie_co-op.jpg]
[bob-worthington.org/riverina/1-albury-wodonga/flying_fox.jpg]
[bob-worthington.org/riverina/1-albury-wodonga/yindyamarra.jpg]
[bob-worthington.org/riverina/1-albury-wodonga/map_albury_wetlands.jpg]
[bob-worthington.org/riverina/1-albury-wodonga/wonga_wetlands.jpg]
[bob-worthington.org/riverina/1-albury-wodonga/lake_hume.jpg]
[bob-worthington.org/riverina/1-albury-wodonga/bonegilla.jpg]
[bob-worthington.org/riverina/1-albury-wodonga/bandiana.jpg]
[bob-worthington.org/riverina/1-albury-wodonga/beetoomba.jpg]
[bob-worthington.org/riverina/1-albury-wodonga/albury-wodonga.html]
[bob-worthington.org/riverina/2-federation_council/map_federation_council.jpg]
[bob-worthington.org/riverina/2-federation_council/howlong.jpg]
[bob-worthington.org/riverina/2-federation_council/corowa_distillery.jpg]
[bob-worthington.org/riverina/2-federation_council/collendina_homestead.jpg]
[bob-worthington.org/riverina/2-federation_council/bridge_mulwala.jpg]
[bob-worthington.org/riverina/2-federation_council/hopefield_silos.jpg]
[bob-worthington.org/riverina/2-federation_council/balldale_hotel.jpg]
[bob-worthington.org/riverina/2-federation_council/burrajaa_hotel.jpg]
[bob-worthington.org/riverina/2-federation_council/rennie.jpg]
[bob-worthington.org/riverina/2-federation_council/savernake_uniting_church.jpg]
[bob-worthington.org/riverina/2-federation_council/coreen_presbyterian_church.jpg]
[bob-worthington.org/riverina/2-federation_council/daysdale_hotel.jpg]
[bob-worthington.org/riverina/2-federation_council/oaklands.jpg]
[bob-worthington.org/riverina/2-federation_council/rand_memorial.jpg]
[bob-worthington.org/riverina/2-federation_council/urana_hall.jpg]
[bob-worthington.org/riverina/2-federation_council/urana_windmill.jpg]
[bob-worthington.org/riverina/2-federation_council/urana_lake.jpg]
[bob-worthington.org/riverina/2-federation_council/boree_creek.jpg]
[bob-worthington.org/riverina/2-federation_council/morundah_paradise_theatre.jpg]
[bob-worthington.org/riverina/2-federation_council/federation_council.html]
[bob-worthington.org/riverina/3-berrigan_shire/map_berrigan_shire.jpg]
[bob-worthington.org/riverina/3-berrigan_shire/berrigan_council.jpg]
[bob-worthington.org/riverina/3-berrigan_shire/barooga_layout.jpg]
[bob-worthington.org/riverina/3-berrigan_shire/botanical_gardens.jpg]
[bob-worthington.org/riverina/3-berrigan_shire/barooga_mall.jpg]
[bob-worthington.org/riverina/3-berrigan_shire/barooga_golf_club.jpg]
[bob-worthington.org/riverina/3-berrigan_shire/berrigan_layout.jpg]
[bob-worthington.org/riverina/3-berrigan_shire/berrigan.jpg]
[bob-worthington.org/riverina/3-berrigan_shire/berrigan_federal_hotel.jpg]
[bob-worthington.org/riverina/3-berrigan_shire/finley_layout.jpg]
[bob-worthington.org/riverina/3-berrigan_shire/finley_street.jpg]
[bob-worthington.org/riverina/3-berrigan_shire/finley_station.jpg]
[bob-worthington.org/riverina/3-berrigan_shire/tocumwal_layout.jpg]
[bob-worthington.org/riverina/3-berrigan_shire/club_tocumwal.jpg]
[bob-worthington.org/riverina/3-berrigan_shire/glider.jpg]
[bob-worthington.org/riverina/3-berrigan_shire/railway.jpg]
[bob-worthington.org/riverina/3-berrigan_shire/strawberry_fields.jpg]
[bob-worthington.org/riverina/3-berrigan_shire/chocolate_school.jpg]
[bob-worthington.org/riverina/3-berrigan_shire/back_barooga_road.jpg]
[bob-worthington.org/riverina/3-berrigan_shire/lalalty_hall.jpg]
[bob-worthington.org/riverina/3-berrigan_shire/jerilderie_layout.jpg]
[bob-worthington.org/riverina/3-berrigan_shire/jerilderie_hotel.jpg]
[bob-worthington.org/riverina/3-berrigan_shire/jerilderie_telegraph.jpg]
[bob-worthington.org/riverina/3-berrigan_shire/berrigan_shire.html]
[bob-worthington.org/riverina/4-north_west/map_north_west.jpg]
[bob-worthington.org/riverina/4-north_west/blighty_grains.jpg]
[bob-worthington.org/riverina/4-north_west/long_table_cafe.jpg]
[bob-worthington.org/riverina/4-north_west/deniliquin_peppin_heritage_centre.jpg]
[bob-worthington.org/riverina/4-north_west/deniliquin_waring_gardens.jpg]
[bob-worthington.org/riverina/4-north_west/deni_ute_muster.jpg]
[bob-worthington.org/riverina/4-north_west/moama_telegraph.jpg]
[bob-worthington.org/riverina/4-north_west/mathoura.jpg]
[bob-worthington.org/riverina/4-north_west/murray_valley_np.jpg]
[bob-worthington.org/riverina/4-north_west/picnic_point.jpg]
[bob-worthington.org/riverina/4-north_west/birdwatching.jpg]
[bob-worthington.org/riverina/4-north_west/north_west.html]
[bob-worthington.org/riverina/5-campaspe_shire/map_campaspe_shire.jpg]
[bob-worthington.org/riverina/5-campaspe_shire/echuca_bridge_hotel.jpg]
[bob-worthington.org/riverina/5-campaspe_shire/echuca_paddlesteamers.jpg]
[bob-worthington.org/riverina/5-campaspe_shire/tongala_nestles.jpg]
[bob-worthington.org/riverina/5-campaspe_shire/kyabram.jpg]
[bob-worthington.org/riverina/5-campaspe_shire/kyabram_fauna_park.jpg]
[bob-worthington.org/riverina/5-campaspe_shire/stanhope.jpg]
[bob-worthington.org/riverina/5-campaspe_shire/rushworth.jpg]
[bob-worthington.org/riverina/5-campaspe_shire/rushworth_museum.jpg]
[bob-worthington.org/riverina/5-campaspe_shire/ironbark_rail_trail.jpg]
[bob-worthington.org/riverina/5-campaspe_shire/rochester_gillies_street.jpg]
[bob-worthington.org/riverina/5-campaspe_shire/lockington_museum.jpg]
[bob-worthington.org/riverina/5-campaspe_shire/campaspe_shire.html]
[bob-worthington.org/riverina/6-moira_shire/map_moira_shire.jpg]
[bob-worthington.org/riverina/6-moira_shire/barmah.jpg]
[bob-worthington.org/riverina/6-moira_shire/barmah_np.jpg]
[bob-worthington.org/riverina/6-moira_shire/cobram_punt_road.jpg]
[bob-worthington.org/riverina/6-moira_shire/cobram_saputo.jpg]
[bob-worthington.org/riverina/6-moira_shire/cobram_truss_bridge.jpg]
[bob-worthington.org/riverina/6-moira_shire/koonoomoo_big_strawberry.jpg]
[bob-worthington.org/riverina/6-moira_shire/strathmerton_kraft_factory.jpg]
[bob-worthington.org/riverina/6-moira_shire/strathmerton_cactus_country.jpg]
[bob-worthington.org/riverina/6-moira_shire/yarrawonga_town_hall.jpg]
[bob-worthington.org/riverina/6-moira_shire/byramine_homestead.jpg]
[bob-worthington.org/riverina/6-moira_shire/mulwala_lake.jpg]
[bob-worthington.org/riverina/6-moira_shire/picola.jpg]
[bob-worthington.org/riverina/6-moira_shire/nathalia_park.jpg]
[bob-worthington.org/riverina/6-moira_shire/nathalia_forest_heritage.jpg]
[bob-worthington.org/riverina/6-moira_shire/goulburn_river_park.jpg]
[bob-worthington.org/riverina/6-moira_shire/waaia.jpg]
[bob-worthington.org/riverina/6-moira_shire/numurkah_melville_street.jpg]
[bob-worthington.org/riverina/6-moira_shire/katunga_general_store.jpg]
[bob-worthington.org/riverina/6-moira_shire/katamatite_uniting_church.jpg]
[bob-worthington.org/riverina/6-moira_shire/tungamah.jpg]
[bob-worthington.org/riverina/6-moira_shire/moira_shire.html]
[bob-worthington.org/riverina/7-shepparton_gc/map_shepparton_gc.jpg]
[bob-worthington.org/riverina/7-shepparton_gc/shepparton.jpg]
[bob-worthington.org/riverina/7-shepparton_gc/shepparton_princess_park.jpg]
[bob-worthington.org/riverina/7-shepparton_gc/shepparton_sam.jpg]
[bob-worthington.org/riverina/7-shepparton_gc/shepparton_heritage.jpg]
[bob-worthington.org/riverina/7-shepparton_gc/shepparton_spc.jpg]
[bob-worthington.org/riverina/7-shepparton_gc/tallygaroopna_general_store.jpg]
[bob-worthington.org/riverina/7-shepparton_gc/congupna_general_store.jpg]
[bob-worthington.org/riverina/7-shepparton_gc/lemnos_campbells.jpg]
[bob-worthington.org/riverina/7-shepparton_gc/dookie.jpg]
[bob-worthington.org/riverina/7-shepparton_gc/major_plains.jpg]
[bob-worthington.org/riverina/7-shepparton_gc/kialla_lake.jpg]
[bob-worthington.org/riverina/7-shepparton_gc/kialla_move.jpg]
[bob-worthington.org/riverina/7-shepparton_gc/kialla_botanic_gardens.jpg]
[bob-worthington.org/riverina/7-shepparton_gc/mooroopna.jpg]
[bob-worthington.org/riverina/7-shepparton_gc/tatura_main_street.jpg]
[bob-worthington.org/riverina/7-shepparton_gc/tatura_museum.jpg]
[bob-worthington.org/riverina/7-shepparton_gc/tatura_milk_factory.jpg]
[bob-worthington.org/riverina/7-shepparton_gc/shepparton_gc.html]
[bob-worthington.org/riverina/8-benalla_rc/map_benalla_rc.jpg]
[bob-worthington.org/riverina/8-benalla_rc/benalla_monash_bridge.jpg]
[bob-worthington.org/riverina/8-benalla_rc/benalla_art_gallery.jpg]
[bob-worthington.org/riverina/8-benalla_rc/benalla_ceramic_mural.jpg]
[bob-worthington.org/riverina/8-benalla_rc/benalla_avaiation_museum.jpg]
[bob-worthington.org/riverina/8-benalla_rc/wangaratta.jpg]
[bob-worthington.org/riverina/8-benalla_rc/devenish_silos.jpg]
[bob-worthington.org/riverina/8-benalla_rc/goorambat_silos.jpg]
[bob-worthington.org/riverina/8-benalla_rc/winton_motor_raceway.jpg]
[bob-worthington.org/riverina/8-benalla_rc/map_winton_wetlands.jpg]
[bob-worthington.org/riverina/8-benalla_rc/baddaginnie_store.jpg]
[bob-worthington.org/riverina/8-benalla_rc/glenrowan_ned_kelly.jpg]
[bob-worthington.org/riverina/8-benalla_rc/benalla_rc.html]
[bob-worthington.org/riverina/9-indigo_shire/map_indigo_shire.jpg]
[bob-worthington.org/riverina/9-indigo_shire/grapes.jpg]
[bob-worthington.org/riverina/9-indigo_shire/wahgunyah_all_saints.jpg]
[bob-worthington.org/riverina/9-indigo_shire/lake_moodemere.jpg]
[bob-worthington.org/riverina/9-indigo_shire/debortoli_rutherglen.jpg]
[bob-worthington.org/riverina/9-indigo_shire/chiltern.jpg]
[bob-worthington.org/riverina/9-indigo_shire/barnawartha_store.jpg]
[bob-worthington.org/riverina/9-indigo_shire/woolshed_falls.jpg]
[bob-worthington.org/riverina/9-indigo_shire/beechworth_ford_street.jpg]
[bob-worthington.org/riverina/9-indigo_shire/stanley.jpg]
[bob-worthington.org/riverina/9-indigo_shire/yackandandah.jpg]
[bob-worthington.org/riverina/9-indigo_shire/indigo_shire.html]
[bob-worthington.org/riverina/0-silos_waterways/map_silos.jpg]
[bob-worthington.org/riverina/0-silos_waterways/picola_silos.jpg]
[bob-worthington.org/riverina/0-silos_waterways/katamatite_silos.jpg]
[bob-worthington.org/riverina/0-silos_waterways/tungamah_silos.jpg]
[bob-worthington.org/riverina/0-silos_waterways/st-james_silo_1.jpg]
[bob-worthington.org/riverina/0-silos_waterways/st-james_silo_2.jpg]
[bob-worthington.org/riverina/0-silos_waterways/st-james_silo_3.jpg]
[bob-worthington.org/riverina/0-silos_waterways/devenish_silos.jpg]
[bob-worthington.org/riverina/0-silos_waterways/goorambat_silos.jpg]
[bob-worthington.org/riverina/0-silos_waterways/map_waterways.jpg]
[bob-worthington.org/riverina/0-silos_waterways/mulwala_canal.jpg]
[bob-worthington.org/riverina/0-silos_waterways/the_drop.jpg]
[bob-worthington.org/riverina/0-silos_waterways/sanfords_rd.jpg]
[bob-worthington.org/riverina/0-silos_waterways/map_dry_creek.jpg]
[bob-worthington.org/riverina/0-silos_waterways/dry_creek.jpg]
[bob-worthington.org/riverina/0-silos_waterways/silos_waterways.html]
[bob-worthington.org/rail_models/sr2/sr2_3201.jpg]
[bob-worthington.org/rail_models/sr2/re460_new.jpg]
[bob-worthington.org/rail_models/sr2/re460_basic.jpg]
[bob-worthington.org/rail_models/sr2/re460_details.jpg]
[bob-worthington.org/rail_models/sr2/re460_parts.jpg]
[bob-worthington.org/rail_models/sr2/re460_strip.jpg]
[bob-worthington.org/rail_models/sr2/sr2_paint1.jpg]
[bob-worthington.org/rail_models/sr2/sr2_paint2.jpg]
[bob-worthington.org/rail_models/sr2/sr2_bodyshell.jpg]
[bob-worthington.org/rail_models/sr2/decals_icon.gif]
[bob-worthington.org/rail_models/sr2/sr2_decal.jpg]
[bob-worthington.org/rail_models/sr2/sr2.html]
[bob-worthington.org/rail_models/decoder/circuit.jpg]
[bob-worthington.org/rail_models/decoder/start.jpg]
[bob-worthington.org/rail_models/decoder/body.jpg]
[bob-worthington.org/rail_models/decoder/reverser.jpg]
[bob-worthington.org/rail_models/decoder/leads.jpg]
[bob-worthington.org/rail_models/decoder/decoder.jpg]
[bob-worthington.org/rail_models/decoder/mount.jpg]
[bob-worthington.org/rail_models/decoder/wire.jpg]
[bob-worthington.org/rail_models/decoder/reassemble.jpg]
[bob-worthington.org/rail_models/decoder/finished.jpg]
[bob-worthington.org/rail_models/decoder/decoder.html]
[bob-worthington.org/rail_models/electronic/board1.jpg]
[bob-worthington.org/rail_models/electronic/board2.jpg]
[bob-worthington.org/rail_models/electronic/connections.jpg]
[bob-worthington.org/rail_models/electronic/assembly.jpg]
[bob-worthington.org/rail_models/electronic/electronic.html]
[bob-worthington.org/rail_models/ac_convert/lima 42213 ac.jpg]
[bob-worthington.org/rail_models/ac_convert/circuit.jpg]
[bob-worthington.org/rail_models/ac_convert/pcb_top.jpg]
[bob-worthington.org/rail_models/ac_convert/pcb_bottom.jpg]
[bob-worthington.org/rail_models/ac_convert/ac_convert.html]
[bob-worthington.org/rail_models/dc_control/ps3.jpg]
[bob-worthington.org/rail_models/dc_control/circuit.jpg]
[bob-worthington.org/rail_models/dc_control/ps1.jpg]
[bob-worthington.org/rail_models/dc_control/ps2.jpg]
[bob-worthington.org/rail_models/dc_control/dc_control.html]
[bob-worthington.org/rail_models/kadee/bogie_top.jpg]
[bob-worthington.org/rail_models/kadee/bogie_bottom.jpg]
[bob-worthington.org/rail_models/kadee/van_top.jpg]
[bob-worthington.org/rail_models/kadee/van_bottom.jpg]
[bob-worthington.org/rail_models/kadee/kadee.html]
[bob-worthington.org/rail_europe/ger_stm_main/01_150.jpg]
[bob-worthington.org/rail_europe/ger_stm_main/01_202.jpg]
[bob-worthington.org/rail_europe/ger_stm_main/01.jpg]
[bob-worthington.org/rail_europe/ger_stm_main/01.10_1102.jpg]
[bob-worthington.org/rail_europe/ger_stm_main/01.10_1066.jpg]
[bob-worthington.org/rail_europe/ger_stm_main/01.10s.jpg]
[bob-worthington.org/rail_europe/ger_stm_main/01.10n.jpg]
[bob-worthington.org/rail_europe/ger_stm_main/03_2295-8.jpg]
[bob-worthington.org/rail_europe/ger_stm_main/03_088-2.jpg]
[bob-worthington.org/rail_europe/ger_stm_main/03.jpg]
[bob-worthington.org/rail_europe/ger_stm_main/03.10_1010-2.jpg]
[bob-worthington.org/rail_europe/ger_stm_main/03.10_1075.jpg]
[bob-worthington.org/rail_europe/ger_stm_main/03.10.jpg]
[bob-worthington.org/rail_europe/ger_stm_main/18_004.jpg]
[bob-worthington.org/rail_europe/ger_stm_main/18_478.jpg]
[bob-worthington.org/rail_europe/ger_stm_main/18.jpg]
[bob-worthington.org/rail_europe/ger_stm_main/19_1001a.jpg]
[bob-worthington.org/rail_europe/ger_stm_main/19_1001b.jpg]
[bob-worthington.org/rail_europe/ger_stm_main/19_1001ma.jpg]
[bob-worthington.org/rail_europe/ger_stm_main/19_1001mb.jpg]
[bob-worthington.org/rail_europe/ger_stm_main/19_1001mc.jpg]
[bob-worthington.org/rail_europe/ger_stm_main/19.1a.jpg]
[bob-worthington.org/rail_europe/ger_stm_main/19.1b.jpg]
[bob-worthington.org/rail_europe/ger_stm_main/23_004.jpg]
[bob-worthington.org/rail_europe/ger_stm_main/23_1097.jpg]
[bob-worthington.org/rail_europe/ger_stm_main/23.jpg]
[bob-worthington.org/rail_europe/ger_stm_main/38_3199.jpg]
[bob-worthington.org/rail_europe/ger_stm_main/38_1772.jpg]
[bob-worthington.org/rail_europe/ger_stm_main/38.jpg]
[bob-worthington.org/rail_europe/ger_stm_main/41_018a.jpg]
[bob-worthington.org/rail_europe/ger_stm_main/41_018b.jpg]
[bob-worthington.org/rail_europe/ger_stm_main/41.jpg]
[bob-worthington.org/rail_europe/ger_stm_main/44_1093f.jpg]
[bob-worthington.org/rail_europe/ger_stm_main/44_1093r.jpg]
[bob-worthington.org/rail_europe/ger_stm_main/44.jpg]
[bob-worthington.org/rail_europe/ger_stm_main/45_010a.jpg]
[bob-worthington.org/rail_europe/ger_stm_main/45_010b.jpg]
[bob-worthington.org/rail_europe/ger_stm_main/50_3501.jpg]
[bob-worthington.org/rail_europe/ger_stm_main/50_3648-8.jpg]
[bob-worthington.org/rail_europe/ger_stm_main/50.jpg]
[bob-worthington.org/rail_europe/ger_stm_main/52_5448-7.jpg]
[bob-worthington.org/rail_europe/ger_stm_main/52_8079-7.jpg]
[bob-worthington.org/rail_europe/ger_stm_main/52.jpg]
[bob-worthington.org/rail_europe/ger_stm_main/85_004.jpg]
[bob-worthington.org/rail_europe/ger_stm_main/85_007.jpg]
[bob-worthington.org/rail_europe/ger_stm_main/85.jpg]
[bob-worthington.org/rail_europe/ger_stm_main/ger_stm_main.html]
[bob-worthington.org/rail_europe/ger_stm_brch/ger_stm_brch.html]
[bob-worthington.org/rail_europe/ger_ele_old/e104_01.jpg]
[bob-worthington.org/rail_europe/ger_ele_old/e104_019-5.jpg]
[bob-worthington.org/rail_europe/ger_ele_old/e104.jpg]
[bob-worthington.org/rail_europe/ger_ele_old/e116_03.jpg]
[bob-worthington.org/rail_europe/ger_ele_old/e116_009-2.jpg]
[bob-worthington.org/rail_europe/ger_ele_old/e116l.jpg]
[bob-worthington.org/rail_europe/ger_ele_old/e116r.jpg]
[bob-worthington.org/rail_europe/ger_ele_old/e117_113a.jpg]
[bob-worthington.org/rail_europe/ger_ele_old/e117_113b.jpg]
[bob-worthington.org/rail_europe/ger_ele_old/e117l.jpg]
[bob-worthington.org/rail_europe/ger_ele_old/e117r.jpg]
[bob-worthington.org/rail_europe/ger_ele_old/e118_022-3.jpg]
[bob-worthington.org/rail_europe/ger_ele_old/e118_028-0.jpg]
[bob-worthington.org/rail_europe/ger_ele_old/e118.jpg]
[bob-worthington.org/rail_europe/ger_ele_old/e119_01.jpg]
[bob-worthington.org/rail_europe/ger_ele_old/e119_001-6.jpg]
[bob-worthington.org/rail_europe/ger_ele_old/e132_027a.jpg]
[bob-worthington.org/rail_europe/ger_ele_old/e132_027b.jpg]
[bob-worthington.org/rail_europe/ger_ele_old/e132.jpg]
[bob-worthington.org/rail_europe/ger_ele_old/e136_brown.jpg]
[bob-worthington.org/rail_europe/ger_ele_old/e136_green.jpg]
[bob-worthington.org/rail_europe/ger_ele_old/e136.jpg]
[bob-worthington.org/rail_europe/ger_ele_old/e144_018-3.jpg]
[bob-worthington.org/rail_europe/ger_ele_old/e144_103-9.jpg]
[bob-worthington.org/rail_europe/ger_ele_old/e144.jpg]
[bob-worthington.org/rail_europe/ger_ele_old/e152_05.jpg]
[bob-worthington.org/rail_europe/ger_ele_old/e152_21534.jpg]
[bob-worthington.org/rail_europe/ger_ele_old/e152.jpg]
[bob-worthington.org/rail_europe/ger_ele_old/e160_003-0a.jpg]
[bob-worthington.org/rail_europe/ger_ele_old/e160.jpg]
[bob-worthington.org/rail_europe/ger_ele_old/e163_05.jpg]
[bob-worthington.org/rail_europe/ger_ele_old/e163_002-9.jpg]
[bob-worthington.org/rail_europe/ger_ele_old/e163a.jpg]
[bob-worthington.org/rail_europe/ger_ele_old/e163b.jpg]
[bob-worthington.org/rail_europe/ger_ele_old/e169_lag02.jpg]
[bob-worthington.org/rail_europe/ger_ele_old/e169_lag005-6.jpg]
[bob-worthington.org/rail_europe/ger_ele_old/e169_1.jpg]
[bob-worthington.org/rail_europe/ger_ele_old/e169_2.jpg]
[bob-worthington.org/rail_europe/ger_ele_old/e169_4.jpg]
[bob-worthington.org/rail_europe/ger_ele_old/e169_5.jpg]
[bob-worthington.org/rail_europe/ger_ele_old/e175_009a.jpg]
[bob-worthington.org/rail_europe/ger_ele_old/e175_009b.jpg]
[bob-worthington.org/rail_europe/ger_ele_old/e175.jpg]
[bob-worthington.org/rail_europe/ger_ele_old/e191_99.jpg]
[bob-worthington.org/rail_europe/ger_ele_old/e191_101-5.jpg]
[bob-worthington.org/rail_europe/ger_ele_old/e191.jpg]
[bob-worthington.org/rail_europe/ger_ele_old/e194_280.jpg]
[bob-worthington.org/rail_europe/ger_ele_old/e194_178-05.jpg]
[bob-worthington.org/rail_europe/ger_ele_old/e194.jpg]
[bob-worthington.org/rail_europe/ger_ele_old/ger_ele_old.html]
[bob-worthington.org/rail_europe/ger_ele_new/e103_001.jpg]
[bob-worthington.org/rail_europe/ger_ele_new/e103_117-8.jpg]
[bob-worthington.org/rail_europe/ger_ele_new/e103.jpg]
[bob-worthington.org/rail_europe/ger_ele_new/e110_189-8.jpg]
[bob-worthington.org/rail_europe/ger_ele_new/e110_110-4.jpg]
[bob-worthington.org/rail_europe/ger_ele_new/e110.jpg]
[bob-worthington.org/rail_europe/ger_ele_new/e111_131-9.jpg]
[bob-worthington.org/rail_europe/ger_ele_new/e111_000-0.jpg]
[bob-worthington.org/rail_europe/ger_ele_new/e111.jpg]
[bob-worthington.org/rail_europe/ger_ele_new/e112_269-6.jpg]
[bob-worthington.org/rail_europe/ger_ele_new/e112_488-2.jpg]
[bob-worthington.org/rail_europe/ger_ele_new/e112.jpg]
[bob-worthington.org/rail_europe/ger_ele_new/e120_004-7.jpg]
[bob-worthington.org/rail_europe/ger_ele_new/e120_157-3.jpg]
[bob-worthington.org/rail_europe/ger_ele_new/e140_808-7.jpg]
[bob-worthington.org/rail_europe/ger_ele_new/e140_500-0.jpg]
[bob-worthington.org/rail_europe/ger_ele_new/e140.jpg]
[bob-worthington.org/rail_europe/ger_ele_new/e141_231-1.jpg]
[bob-worthington.org/rail_europe/ger_ele_new/e141_132-1.jpg]
[bob-worthington.org/rail_europe/ger_ele_new/e141.jpg]
[bob-worthington.org/rail_europe/ger_ele_new/e150_127-9.jpg]
[bob-worthington.org/rail_europe/ger_ele_new/e150_000.jpg]
[bob-worthington.org/rail_europe/ger_ele_new/e150.jpg]
[bob-worthington.org/rail_europe/ger_ele_new/e151_049-4.jpg]
[bob-worthington.org/rail_europe/ger_ele_new/e151_156-7.jpg]
[bob-worthington.org/rail_europe/ger_ele_new/e151.jpg]
[bob-worthington.org/rail_europe/ger_ele_new/e181_214-8.jpg]
[bob-worthington.org/rail_europe/ger_ele_new/e181_205-6.jpg]
[bob-worthington.org/rail_europe/ger_ele_new/ger_ele_new.html]
[bob-worthington.org/rail_europe/ger_die/v140a.jpg]
[bob-worthington.org/rail_europe/ger_die/v140b.jpg]
[bob-worthington.org/rail_europe/ger_die/v140.jpg]
[bob-worthington.org/rail_europe/ger_die/v260b.jpg]
[bob-worthington.org/rail_europe/ger_die/v260a.jpg]
[bob-worthington.org/rail_europe/ger_die/v260.jpg]
[bob-worthington.org/rail_europe/ger_die/v212a.jpg]
[bob-worthington.org/rail_europe/ger_die/v212b.jpg]
[bob-worthington.org/rail_europe/ger_die/v212.jpg]
[bob-worthington.org/rail_europe/ger_die/v216a.jpg]
[bob-worthington.org/rail_europe/ger_die/v216b.jpg]
[bob-worthington.org/rail_europe/ger_die/v216.jpg]
[bob-worthington.org/rail_europe/ger_die/v220a.jpg]
[bob-worthington.org/rail_europe/ger_die/v220b.jpg]
[bob-worthington.org/rail_europe/ger_die/v220.jpg]
[bob-worthington.org/rail_europe/ger_die/ger_die.html]
[bob-worthington.org/rail_europe/swiss/re410_10044.jpg]
[bob-worthington.org/rail_europe/swiss/re410_10033.jpg]
[bob-worthington.org/rail_europe/swiss/re410_a.gif]
[bob-worthington.org/rail_europe/swiss/re410_b.gif]
[bob-worthington.org/rail_europe/swiss/re420_11122.jpg]
[bob-worthington.org/rail_europe/swiss/re420_11243.jpg]
[bob-worthington.org/rail_europe/swiss/re420.gif]
[bob-worthington.org/rail_europe/swiss/re430_11351.jpg]
[bob-worthington.org/rail_europe/swiss/re430_11352.jpg]
[bob-worthington.org/rail_europe/swiss/re440_10104.jpg]
[bob-worthington.org/rail_europe/swiss/re440_2000.jpg]
[bob-worthington.org/rail_europe/swiss/re440.gif]
[bob-worthington.org/rail_europe/swiss/re460_105-0.jpg]
[bob-worthington.org/rail_europe/swiss/re465_009.jpg]
[bob-worthington.org/rail_europe/swiss/re460.gif]
[bob-worthington.org/rail_europe/swiss/re482_011-4.jpg]
[bob-worthington.org/rail_europe/swiss/re485_001.jpg]
[bob-worthington.org/rail_europe/swiss/re482.gif]
[bob-worthington.org/rail_europe/swiss/swiss.html]
[bob-worthington.org/rail_europe/sweden/sj_da_897.jpg]
[bob-worthington.org/rail_europe/sweden/sj_da_937.jpg]
[bob-worthington.org/rail_europe/sweden/da.jpg]
[bob-worthington.org/rail_europe/sweden/lkab_dm3_1207.jpg]
[bob-worthington.org/rail_europe/sweden/lkab_dm3_1212.jpg]
[bob-worthington.org/rail_europe/sweden/dm3.jpg]
[bob-worthington.org/rail_europe/sweden/sweden.html]
[bob-worthington.org/rail_europe/nor_ele_old/el1_2001.jpg]
[bob-worthington.org/rail_europe/nor_ele_old/el1.jpg]
[bob-worthington.org/rail_europe/nor_ele_old/el2_2024.jpg]
[bob-worthington.org/rail_europe/nor_ele_old/el2_2023.jpg]
[bob-worthington.org/rail_europe/nor_ele_old/el2.jpg]
[bob-worthington.org/rail_europe/nor_ele_old/el3_2025.jpg]
[bob-worthington.org/rail_europe/nor_ele_old/el3_2026.jpg]
[bob-worthington.org/rail_europe/nor_ele_old/el3.jpg]
[bob-worthington.org/rail_europe/nor_ele_old/el4_2033.jpg]
[bob-worthington.org/rail_europe/nor_ele_old/el4_2045.jpg]
[bob-worthington.org/rail_europe/nor_ele_old/el4.jpg]
[bob-worthington.org/rail_europe/nor_ele_old/el5_2036.jpg]
[bob-worthington.org/rail_europe/nor_ele_old/el5_2039.jpg]
[bob-worthington.org/rail_europe/nor_ele_old/el5.jpg]
[bob-worthington.org/rail_europe/nor_ele_old/el6_2503a.jpg]
[bob-worthington.org/rail_europe/nor_ele_old/el6_2503b.jpg]
[bob-worthington.org/rail_europe/nor_ele_old/el6.jpg]
[bob-worthington.org/rail_europe/nor_ele_old/el7_2501.jpg]
[bob-worthington.org/rail_europe/nor_ele_old/el7_2502.jpg]
[bob-worthington.org/rail_europe/nor_ele_old/el7.jpg]
[bob-worthington.org/rail_europe/nor_ele_old/el8_2071.jpg]
[bob-worthington.org/rail_europe/nor_ele_old/el8_2054.jpg]
[bob-worthington.org/rail_europe/nor_ele_old/el8.jpg]
[bob-worthington.org/rail_europe/nor_ele_old/el9_2064a.jpg]
[bob-worthington.org/rail_europe/nor_ele_old/el9_2064b.jpg]
[bob-worthington.org/rail_europe/nor_ele_old/el9.jpg]
[bob-worthington.org/rail_europe/nor_ele_old/el10_1_lars.jpg]
[bob-worthington.org/rail_europe/nor_ele_old/el10_2517.jpg]
[bob-worthington.org/rail_europe/nor_ele_old/el10.jpg]
[bob-worthington.org/rail_europe/nor_ele_old/nor_ele_old.html]
[bob-worthington.org/rail_europe/nor_ele_new/el11_2100.jpg]
[bob-worthington.org/rail_europe/nor_ele_new/el11_2112.jpg]
[bob-worthington.org/rail_europe/nor_ele_new/el11.jpg]
[bob-worthington.org/rail_europe/nor_ele_new/el12_2113.jpg]
[bob-worthington.org/rail_europe/nor_ele_new/el12_2119.jpg]
[bob-worthington.org/rail_europe/nor_ele_new/el12.jpg]
[bob-worthington.org/rail_europe/nor_ele_new/el13_2124.jpg]
[bob-worthington.org/rail_europe/nor_ele_new/el13_2142.jpg]
[bob-worthington.org/rail_europe/nor_ele_new/el13.jpg]
[bob-worthington.org/rail_europe/nor_ele_new/el14_2177.jpg]
[bob-worthington.org/rail_europe/nor_ele_new/el14_2179.jpg]
[bob-worthington.org/rail_europe/nor_ele_new/el14.jpg]
[bob-worthington.org/rail_europe/nor_ele_new/el15_2196.jpg]
[bob-worthington.org/rail_europe/nor_ele_new/el15_2192.jpg]
[bob-worthington.org/rail_europe/nor_ele_new/el15.jpg]
[bob-worthington.org/rail_europe/nor_ele_new/el16_2217.jpg]
[bob-worthington.org/rail_europe/nor_ele_new/el16_2222.jpg]
[bob-worthington.org/rail_europe/nor_ele_new/el16.jpg]
[bob-worthington.org/rail_europe/nor_ele_new/el17_2231.jpg]
[bob-worthington.org/rail_europe/nor_ele_new/el17_2221.jpg]
[bob-worthington.org/rail_europe/nor_ele_new/el17.jpg]
[bob-worthington.org/rail_europe/nor_ele_new/el18_2257.jpg]
[bob-worthington.org/rail_europe/nor_ele_new/el18_2247.jpg]
[bob-worthington.org/rail_europe/nor_ele_new/el18.jpg]
[bob-worthington.org/rail_europe/nor_ele_new/nor_ele_new.html]
[bob-worthington.org/rail_europe/nor_die/di1a.jpg]
[bob-worthington.org/rail_europe/nor_die/di1b.jpg]
[bob-worthington.org/rail_europe/nor_die/di1.jpg]
[bob-worthington.org/rail_europe/nor_die/di2_848.jpg]
[bob-worthington.org/rail_europe/nor_die/di2_808.jpg]
[bob-worthington.org/rail_europe/nor_die/di2.jpg]
[bob-worthington.org/rail_europe/nor_die/di3_632.jpg]
[bob-worthington.org/rail_europe/nor_die/di3_620.jpg]
[bob-worthington.org/rail_europe/nor_die/di3.jpg]
[bob-worthington.org/rail_europe/nor_die/di4_654.jpg]
[bob-worthington.org/rail_europe/nor_die/di4_655.jpg]
[bob-worthington.org/rail_europe/nor_die/di4.jpg]
[bob-worthington.org/rail_europe/nor_die/di5_864a.jpg]
[bob-worthington.org/rail_europe/nor_die/di5_864b.jpg]
[bob-worthington.org/rail_europe/nor_die/di5.jpg]
[bob-worthington.org/rail_europe/nor_die/di6_667.jpg]
[bob-worthington.org/rail_europe/nor_die/di6_663.jpg]
[bob-worthington.org/rail_europe/nor_die/di6.jpg]
[bob-worthington.org/rail_europe/nor_die/di7_634a.jpg]
[bob-worthington.org/rail_europe/nor_die/di7_634b.jpg]
[bob-worthington.org/rail_europe/nor_die/di7.jpg]
[bob-worthington.org/rail_europe/nor_die/di8_705a.jpg]
[bob-worthington.org/rail_europe/nor_die/di8_705b.jpg]
[bob-worthington.org/rail_europe/nor_die/di8.jpg]
[bob-worthington.org/rail_europe/nor_die/dh500_20.jpg]
[bob-worthington.org/rail_europe/nor_die/dh500_22.jpg]
[bob-worthington.org/rail_europe/nor_die/dh500.jpg]
[bob-worthington.org/rail_europe/nor_die/nor_die.html]
[bob-worthington.org/rail_europe/finland/sr1_3111.jpg]
[bob-worthington.org/rail_europe/finland/sr1_3094.jpg]
[bob-worthington.org/rail_europe/finland/sr1.jpg]
[bob-worthington.org/rail_europe/finland/sr2_3209.jpg]
[bob-worthington.org/rail_europe/finland/sr2_3220.jpg]
[bob-worthington.org/rail_europe/finland/sr2.jpg]
[bob-worthington.org/rail_europe/finland/dr12_2225.jpg]
[bob-worthington.org/rail_europe/finland/dr12_2205.jpg]
[bob-worthington.org/rail_europe/finland/dr12.jpg]
[bob-worthington.org/rail_europe/finland/dr13_2327.jpg]
[bob-worthington.org/rail_europe/finland/dr13_2344.jpg]
[bob-worthington.org/rail_europe/finland/dr13.jpg]
[bob-worthington.org/rail_europe/finland/dr14_1854.jpg]
[bob-worthington.org/rail_europe/finland/dr14_1873.jpg]
[bob-worthington.org/rail_europe/finland/dr14.jpg]
[bob-worthington.org/rail_europe/finland/dr15_2439a.jpg]
[bob-worthington.org/rail_europe/finland/dr15_2439b.jpg]
[bob-worthington.org/rail_europe/finland/dr15.jpg]
[bob-worthington.org/rail_europe/finland/dr16_2813.jpg]
[bob-worthington.org/rail_europe/finland/dr16_2817.jpg]
[bob-worthington.org/rail_europe/finland/dr16.jpg]
[bob-worthington.org/rail_europe/finland/dv11_1805a.jpg]
[bob-worthington.org/rail_europe/finland/dv11_1805b.jpg]
[bob-worthington.org/rail_europe/finland/dv12_2632.jpg]
[bob-worthington.org/rail_europe/finland/dv12_2604.jpg]
[bob-worthington.org/rail_europe/finland/dv12.jpg]
[bob-worthington.org/rail_europe/finland/dv16_2030a.jpg]
[bob-worthington.org/rail_europe/finland/dv16_2030b.jpg]
[bob-worthington.org/rail_europe/finland/finland.html]
[bob-worthington.org/rail_tasmania/government/c1.jpg]
[bob-worthington.org/rail_tasmania/government/ccs23.jpg]
[bob-worthington.org/rail_tasmania/government/e1.jpg]
[bob-worthington.org/rail_tasmania/government/h7.jpg]
[bob-worthington.org/rail_tasmania/government/q5.jpg]
[bob-worthington.org/rail_tasmania/government/ma2.jpg]
[bob-worthington.org/rail_tasmania/government/u3.jpg]
[bob-worthington.org/rail_tasmania/government/v4.jpg]
[bob-worthington.org/rail_tasmania/government/railcar.jpg]
[bob-worthington.org/rail_tasmania/government/freight.jpg]
[bob-worthington.org/rail_tasmania/government/x2.jpg]
[bob-worthington.org/rail_tasmania/government/za1.jpg]
[bob-worthington.org/rail_tasmania/government/st_marys.jpg]
[bob-worthington.org/rail_tasmania/government/tmlr.jpg]
[bob-worthington.org/rail_tasmania/government/cement.jpg]
[bob-worthington.org/rail_tasmania/government/wagons.jpg]
[bob-worthington.org/rail_tasmania/government/log.jpg]
[bob-worthington.org/rail_tasmania/government/coal.jpg]
[bob-worthington.org/rail_tasmania/government/williamsford.jpg]
[bob-worthington.org/rail_tasmania/government/j1a.jpg]
[bob-worthington.org/rail_tasmania/government/j1b.jpg]
[bob-worthington.org/rail_tasmania/government/k1a.jpg]
[bob-worthington.org/rail_tasmania/government/k1b.jpg]
[bob-worthington.org/rail_tasmania/government/government.html]
[bob-worthington.org/rail_tasmania/emu_bay/depot.jpg]
[bob-worthington.org/rail_tasmania/emu_bay/wharf.jpg]
[bob-worthington.org/rail_tasmania/emu_bay/train.jpg]
[bob-worthington.org/rail_tasmania/emu_bay/hellyer.jpg]
[bob-worthington.org/rail_tasmania/emu_bay/no8.jpg]
[bob-worthington.org/rail_tasmania/emu_bay/garratt.jpg]
[bob-worthington.org/rail_tasmania/emu_bay/1106.jpg]
[bob-worthington.org/rail_tasmania/emu_bay/pvh-1.jpg]
[bob-worthington.org/rail_tasmania/emu_bay/railmotor-wg1.jpg]
[bob-worthington.org/rail_tasmania/emu_bay/railmotor-m4.jpg]
[bob-worthington.org/rail_tasmania/emu_bay/emu_bay.html]
[bob-worthington.org/rail_tasmania/mt_lyell/queenstown.jpg]
[bob-worthington.org/rail_tasmania/mt_lyell/strahan.jpg]
[bob-worthington.org/rail_tasmania/mt_lyell/abt-2.jpg]
[bob-worthington.org/rail_tasmania/mt_lyell/l-class.jpg]
[bob-worthington.org/rail_tasmania/mt_lyell/krauss-8.jpg]
[bob-worthington.org/rail_tasmania/mt_lyell/underground.jpg]
[bob-worthington.org/rail_tasmania/mt_lyell/mt_lyell.html]
[bob-worthington.org/rail_tasmania/tourist/don.jpg]
[bob-worthington.org/rail_tasmania/tourist/ccs.jpg]
[bob-worthington.org/rail_tasmania/tourist/m5.jpg]
[bob-worthington.org/rail_tasmania/tourist/carriage.jpg]
[bob-worthington.org/rail_tasmania/tourist/abt3.jpg]
[bob-worthington.org/rail_tasmania/tourist/dubbill_barrill.jpg]
[bob-worthington.org/rail_tasmania/tourist/depart.jpg]
[bob-worthington.org/rail_tasmania/tourist/platform.jpg]
[bob-worthington.org/rail_tasmania/tourist/railcar.jpg]
[bob-worthington.org/rail_tasmania/tourist/burnie.jpg]
[bob-worthington.org/rail_tasmania/tourist/wee_georgie.jpg]
[bob-worthington.org/rail_tasmania/tourist/tullah.jpg]
[bob-worthington.org/rail_tasmania/tourist/sheffield.jpg]
[bob-worthington.org/rail_tasmania/tourist/sheffield_train.jpg]
[bob-worthington.org/rail_tasmania/tourist/ibr_loco.jpg]
[bob-worthington.org/rail_tasmania/tourist/ibr_train.jpg]
[bob-worthington.org/rail_tasmania/tourist/abt.jpg]
[bob-worthington.org/rail_tasmania/tourist/no8.jpg]
[bob-worthington.org/rail_tasmania/tourist/krauss.jpg]
[bob-worthington.org/rail_tasmania/tourist/dubs.jpg]
[bob-worthington.org/rail_tasmania/tourist/tourist.html]
[bob-worthington.org/computers/micros/pic-ir.jpg]
[bob-worthington.org/computers/micros/arduino.jpg]
[bob-worthington.org/computers/micros/maximite.jpg]
[bob-worthington.org/computers/micros/raspberry.jpg]
[bob-worthington.org/computers/micros/raspbian.jpg]
[bob-worthington.org/computers/micros/micros.html]
[bob-worthington.org/computers/linux/ubuntu.jpg]
[bob-worthington.org/computers/linux/linux.html]
[bob-worthington.org/computers/unix/solaris10.jpg]
[bob-worthington.org/computers/unix/opensolaris.jpg]
[bob-worthington.org/computers/unix/openindiana.jpg]
[bob-worthington.org/computers/unix/pc-bsd.jpg]
[bob-worthington.org/computers/unix/unix.html]
[bob-worthington.org/computers/retrobsd/maximite.jpg]
[bob-worthington.org/computers/retrobsd/bootloader.jpg]
[bob-worthington.org/computers/retrobsd/gparted.jpg]
[bob-worthington.org/computers/retrobsd/sdformatter.jpg]
[bob-worthington.org/computers/retrobsd/imagewriter.jpg]
[bob-worthington.org/computers/retrobsd/win32diskimager.jpg]
[bob-worthington.org/computers/retrobsd/putty.jpg]
[bob-worthington.org/computers/retrobsd/retrobsd.jpg]
[bob-worthington.org/computers/retrobsd/smallc.jpg]
[bob-worthington.org/computers/retrobsd/retrobsd.html]
[bob-worthington.org/high_fidelity/amp/amp.jpg]
[bob-worthington.org/high_fidelity/amp/pcb_f.jpg]
[bob-worthington.org/high_fidelity/amp/pcb_t.jpg]
[bob-worthington.org/high_fidelity/amp/amp_f.jpg]
[bob-worthington.org/high_fidelity/amp/amp_r.jpg]
[bob-worthington.org/high_fidelity/amp/pre_amp.jpg]
[bob-worthington.org/high_fidelity/amp/pwr_amp.jpg]
[bob-worthington.org/high_fidelity/amp/pwr_sply.jpg]
[bob-worthington.org/high_fidelity/amp/amp.html]
[bob-worthington.org/high_fidelity/turntable/turntable1.jpg]
[bob-worthington.org/high_fidelity/turntable/turntable2.jpg]
[bob-worthington.org/high_fidelity/turntable/turntable3.jpg]
[bob-worthington.org/high_fidelity/turntable/turntable4.jpg]
[bob-worthington.org/high_fidelity/turntable/turntable.html]
[bob-worthington.org/high_fidelity/hpstand/hpstand_finished.jpg]
[bob-worthington.org/high_fidelity/hpstand/hpstand_front.jpg]
[bob-worthington.org/high_fidelity/hpstand/hpstand_drivers.jpg]
[bob-worthington.org/high_fidelity/hpstand/hpstand_inside.jpg]
[bob-worthington.org/high_fidelity/hpstand/hpstand_baffle.jpg]
[bob-worthington.org/high_fidelity/hpstand/hpstand_stand.jpg]
[bob-worthington.org/high_fidelity/hpstand/hpstand_crossover.jpg]
[bob-worthington.org/high_fidelity/hpstand/hpstand.html]
[bob-worthington.org/high_fidelity/jaycar/jaycar_finished.jpg]
[bob-worthington.org/high_fidelity/jaycar/jaycar_front.jpg]
[bob-worthington.org/high_fidelity/jaycar/jaycar_enclosures.jpg]
[bob-worthington.org/high_fidelity/jaycar/jaycar_grilles.jpg]
[bob-worthington.org/high_fidelity/jaycar/jaycar_crossover.jpg]
[bob-worthington.org/high_fidelity/jaycar/jaycar_wadding.jpg]
[bob-worthington.org/high_fidelity/jaycar/jaycar_circuit.jpg]
[bob-worthington.org/high_fidelity/jaycar/jaycar.html]
[bob-worthington.org/high_fidelity/bedroom/bedroom_3.jpg]
[bob-worthington.org/high_fidelity/bedroom/bedroom_4.jpg]
[bob-worthington.org/high_fidelity/bedroom/bedroom_1.jpg]
[bob-worthington.org/high_fidelity/bedroom/bedroom_2.jpg]
[bob-worthington.org/high_fidelity/bedroom/bedroom_crossover.jpg]
[bob-worthington.org/high_fidelity/bedroom/bedroom.html]
[bob-worthington.org/high_fidelity/workshop/workshop_grille.jpg]
[bob-worthington.org/high_fidelity/workshop/workshop_rear.jpg]
[bob-worthington.org/high_fidelity/workshop/workshop_front.jpg]
[bob-worthington.org/high_fidelity/workshop/workshop_drivers.jpg]
[bob-worthington.org/high_fidelity/workshop/workshop_crossover.jpg]
[bob-worthington.org/high_fidelity/workshop/workshop.html]
[bob-worthington.org/high_fidelity/system3010/system3010_finished.jpg]
[bob-worthington.org/high_fidelity/system3010/system3010_grille.jpg]
[bob-worthington.org/high_fidelity/system3010/system3010_boxes.jpg]
[bob-worthington.org/high_fidelity/system3010/system3010_cones.jpg]
[bob-worthington.org/high_fidelity/system3010/system3010_drivers.jpg]
[bob-worthington.org/high_fidelity/system3010/system3010_drivers-mtd.jpg]
[bob-worthington.org/high_fidelity/system3010/system3010.html]
[bob-worthington.org/high_fidelity/lewis/lewis_cabinet.jpg]
[bob-worthington.org/high_fidelity/lewis/lewis_stain.jpg]
[bob-worthington.org/high_fidelity/lewis/lewis_baffle.jpg]
[bob-worthington.org/high_fidelity/lewis/lewis_wool.jpg]
[bob-worthington.org/high_fidelity/lewis/lewis_crossover.jpg]
[bob-worthington.org/high_fidelity/lewis/lewis.html]
[bob-worthington.org/projects/avocado/avocado1.jpg]
[bob-worthington.org/projects/avocado/sprouts.jpg]
[bob-worthington.org/projects/avocado/group.jpg]
[bob-worthington.org/projects/avocado/avocado2.jpg]
[bob-worthington.org/projects/avocado/avocado3.jpg]
[bob-worthington.org/projects/avocado/frame1.jpg]
[bob-worthington.org/projects/avocado/frame2.jpg]
[bob-worthington.org/projects/avocado/avocado.html]
[bob-worthington.org/projects/jewelbox/finished.jpg]
[bob-worthington.org/projects/jewelbox/utility.jpg]
[bob-worthington.org/projects/jewelbox/bread.jpg]
[bob-worthington.org/projects/jewelbox/timber.jpg]
[bob-worthington.org/projects/jewelbox/rebate.jpg]
[bob-worthington.org/projects/jewelbox/sides.jpg]
[bob-worthington.org/projects/jewelbox/sanded.jpg]
[bob-worthington.org/projects/jewelbox/veneered.jpg]
[bob-worthington.org/projects/jewelbox/trim.jpg]
[bob-worthington.org/projects/jewelbox/top.jpg]
[bob-worthington.org/projects/jewelbox/bottom.jpg]
[bob-worthington.org/projects/jewelbox/lid.jpg]
[bob-worthington.org/projects/jewelbox/handle.jpg]
[bob-worthington.org/projects/jewelbox/stained.jpg]
[bob-worthington.org/projects/jewelbox/lined.jpg]
[bob-worthington.org/projects/jewelbox/hinged.jpg]
[bob-worthington.org/projects/jewelbox/jewelbox.html]
[bob-worthington.org/projects/plane/before.jpg]
[bob-worthington.org/projects/plane/after.jpg]
[bob-worthington.org/projects/plane/parts before.jpg]
[bob-worthington.org/projects/plane/parts metallic.jpg]
[bob-worthington.org/projects/plane/soda bath.jpg]
[bob-worthington.org/projects/plane/parts after.jpg]
[bob-worthington.org/projects/plane/blades after.jpg]
[bob-worthington.org/projects/plane/bottom after.jpg]
[bob-worthington.org/projects/plane/body cleaned.jpg]
[bob-worthington.org/projects/plane/japanning.jpg]
[bob-worthington.org/projects/plane/sharpening.jpg]
[bob-worthington.org/projects/plane/tote.jpg]
[bob-worthington.org/projects/plane/reassembled.jpg]
[bob-worthington.org/projects/plane/testing.jpg]
[bob-worthington.org/projects/plane/dads.jpg]
[bob-worthington.org/projects/plane/plane.html]
[bob-worthington.org/projects/siren/gendarme.jpg]
[bob-worthington.org/projects/siren/circuit.jpg]
[bob-worthington.org/projects/siren/siren 1.jpg]
[bob-worthington.org/projects/siren/siren 2.jpg]
[bob-worthington.org/projects/siren/siren 3.jpg]
[bob-worthington.org/projects/siren/siren 4.jpg]
[bob-worthington.org/projects/siren/siren 5.jpg]
[bob-worthington.org/projects/siren/siren.html]
[bob-worthington.org/projects/thermometer/parts.jpg]
[bob-worthington.org/projects/thermometer/pcb.jpg]
[bob-worthington.org/projects/thermometer/inside.jpg]
[bob-worthington.org/projects/thermometer/thermo.jpg]
[bob-worthington.org/projects/thermometer/thermometer.html]
[bob-worthington.org/tasmania/ne/beaconsfield.jpg]
[bob-worthington.org/tasmania/ne/batman.jpg]
[bob-worthington.org/tasmania/ne/bridport.jpg]
[bob-worthington.org/tasmania/ne/scottsdale.jpg]
[bob-worthington.org/tasmania/ne/columba.jpg]
[bob-worthington.org/tasmania/ne/ne.html]
[bob-worthington.org/rail_europe/ger_stm_bnch/24_009a.jpg]
[bob-worthington.org/rail_europe/ger_stm_bnch/24_009b.jpg]
[bob-worthington.org/rail_europe/ger_stm_bnch/24.jpg]
[bob-worthington.org/rail_europe/ger_stm_bnch/64_419-1.jpg]
[bob-worthington.org/rail_europe/ger_stm_bnch/64_0000.jpg]
[bob-worthington.org/rail_europe/ger_stm_bnch/64.jpg]
[bob-worthington.org/rail_europe/ger_stm_bnch/65_018.jpg]
[bob-worthington.org/rail_europe/ger_stm_bnch/65_1004-4.jpg]
[bob-worthington.org/rail_europe/ger_stm_bnch/65.jpg]
[bob-worthington.org/rail_europe/ger_stm_bnch/74_1230.jpg]
[bob-worthington.org/rail_europe/ger_stm_bnch/74_0000.jpg]
[bob-worthington.org/rail_europe/ger_stm_bnch/74.jpg]
[bob-worthington.org/rail_europe/ger_stm_bnch/78_256-5.jpg]
[bob-worthington.org/rail_europe/ger_stm_bnch/78_510.jpg]
[bob-worthington.org/rail_europe/ger_stm_bnch/78.jpg]
[bob-worthington.org/rail_europe/ger_stm_bnch/80_014.jpg]
[bob-worthington.org/rail_europe/ger_stm_bnch/80_013.jpg]
[bob-worthington.org/rail_europe/ger_stm_bnch/80.jpg]
[bob-worthington.org/rail_europe/ger_stm_bnch/81_005.jpg]
[bob-worthington.org/rail_europe/ger_stm_bnch/81_004.jpg]
[bob-worthington.org/rail_europe/ger_stm_bnch/81.jpg]
[bob-worthington.org/rail_europe/ger_stm_bnch/86_346b.jpg]
[bob-worthington.org/rail_europe/ger_stm_bnch/86_346f.jpg]
[bob-worthington.org/rail_europe/ger_stm_bnch/86.jpg]
[bob-worthington.org/rail_europe/ger_stm_bnch/89_005a.jpg]
[bob-worthington.org/rail_europe/ger_stm_bnch/89_005b.jpg]
[bob-worthington.org/rail_europe/ger_stm_bnch/89.jpg]
[bob-worthington.org/rail_europe/ger_stm_bnch/ger_stm_bnch.html]
[bob-worthington.org/rail_europe/db45.html]
[bob-worthington.org/rail_europe/db91.html]
[bob-worthington.org/rail_europe/e52.html]
[bob-worthington.org/rail_europe/da.html]
[bob-worthington.org/rail_europe/finnish/finnish.html]
[bob-worthington.org/rail_europe/nor_ele_old_ele_old/nor_ele_old.html]
[bob-worthington.org/rail_europe/di4.html]
[bob-worthington.org/tasmania/cn/ch.html]
[bob-worthington.org/tasmania/ec/ec/ec.html]
[bob-worthington.org/riverina/1.albury-wodonga/albury-wodonga.html]
[bob-worthington.org/riverina/1-albury-wodonga/bison@activ8.net.html]
[bob-worthington.org/riverina/5-campaspe_shire/murray_towns.html]
[bob-worthington.org/riverina/5-campaspe_shire/inland_towns.html]
[bob-worthington.org/riverina/4-north_west_areas/north-west_areas.html]
[bob-worthington.org/riverina/9-indigo_shire/wine_region.html]
[bob-worthington.org/riverina/9-indigo_shire/inland.html]
[bob-worthington.org/European_Railways/Norway/Norway.html]
[bob-worthington.org/European_Railways/Finland/Finland.html]
[bob-worthington.org/rail_models/sr2/Decals.html]
[bob-worthington.org/rail_models/decoder/rail_models.html]
[bob-worthington.org/rail_models/ac_convert/sr2.html]
[bob-worthington.org/rail_europe/swiss/sweden.html]
[bob-worthington.org/rail_tasmania/tourist/government.html]
[bob-worthington.org/computers/unix/www.pcbsd.org/index.html]
[bob-worthington.org/computers/unix/www.pcbsd.org/en/download.html]
[bob-worthington.org/computers/unix/www.openbsd.org/index.html]
[bob-worthington.org/computers/unix/www.openbsd.org/54.html]
[bob-worthington.org/projects/siren/plane.html]
[bob-worthington.org/projects/thermometer/plane.html]
